// Vitest Snapshot v1, https://vitest.dev/guide/snapshot.html

exports[`study outputs > match the golden hashes 1`] = `
{
  "checker/blurValues": "02968979",
  "checker/blurred": "be29af79",
  "checker/original": "01e95dc5",
  "checker/values": "f0f3c5c5",
  "lightness/blurValues": "f6cba1c5",
  "lightness/blurred": "1c892dc5",
  "lightness/original": "ab701dc5",
  "lightness/values": "0772e4c5",
  "noise/blurValues": "11a99662",
  "noise/blurred": "3268a020",
  "noise/original": "53157645",
  "noise/values": "3e62eafd",
  "radial/blurValues": "2ab99495",
  "radial/blurred": "5695413f",
  "radial/original": "317aceb5",
  "radial/values": "99cfa4de",
}
`;
